go : # github.com/wunde
rpus/wunderpus/internal
/ags [github.com/wunder
pus/wunderpus/internal/
ags.test]
At line:1 char:1
+ go test -v 
./internal/ags > 
test_output.txt 2>&1
+ ~~~~~~~~~~~~~~~~~~~~~
~~~~~~~~~~~~~~~~~~~~~~~
~~~~
    + CategoryInfo     
         : NotSpecifi  
  ed: (# github.com/   
 wu...ernal/ags.tes    
t]:String) [], Rem    
oteException
    + FullyQualifiedEr 
   rorId : NativeComm  
  andError
 
internal\ags\store_test
.go:9:6: tempGoalDB 
redeclared in this 
block
	internal\ags\executor_
test.go:13:6: other 
declaration of 
tempGoalDB
internal\ags\scorer_tes
t.go:41:2: declared 
and not used: scorer
internal\ags\executor_t
est.go:9:2: "github.com
/google/uuid" imported 
and not used
FAIL	github.com/wunderpus/wunderpus/internal/ags [build failed]
FAIL
